{"time":"2026-05-07T11:02:49.546721599+05:30","level":"INFO","msg":"Goktave starting..."}
{"time":"2026-05-07T11:03:01.376078294+05:30","level":"DEBUG","msg":"Engine search","query":"song of the century"}
{"time":"2026-05-07T11:03:19.13139+05:30","level":"INFO","msg":"Engine playing track","title":"Song of the Century","id":"Aipy4w7qxao"}
{"time":"2026-05-07T11:04:20.489909627+05:30","level":"INFO","msg":"Queue empty, fetching radio for","title":"Song of the Century"}
{"time":"2026-05-07T11:04:21.4758957+05:30","level":"INFO","msg":"Adding to queue","title":"Last Night on Earth"}
{"time":"2026-05-07T11:04:21.475968198+05:30","level":"INFO","msg":"Adding to queue","title":"All The Small Things"}
{"time":"2026-05-07T11:04:21.475981155+05:30","level":"INFO","msg":"Adding to queue","title":"In the End"}
{"time":"2026-05-07T11:04:21.47598832+05:30","level":"INFO","msg":"Adding to queue","title":"I Don't Love You"}
{"time":"2026-05-07T11:04:21.475993763+05:30","level":"INFO","msg":"Adding to queue","title":"Fat Lip"}
{"time":"2026-05-07T11:04:21.476000962+05:30","level":"INFO","msg":"Engine playing track","title":"Last Night on Earth","id":"yFLqaVx91jM"}
{"time":"2026-05-07T11:04:43.712277515+05:30","level":"INFO","msg":"Engine playing track","title":"21 century funk (Instrumental)","id":"FyRyiyXpW48"}
{"time":"2026-05-07T11:05:02.602481997+05:30","level":"INFO","msg":"Engine playing track","title":"Turn of the Century (2003 Remaster)","id":"g0k-Klq-FNA"}
{"time":"2026-05-07T11:15:01.924554592+05:30","level":"INFO","msg":"Goktave starting..."}
{"time":"2026-05-07T11:15:10.630388594+05:30","level":"DEBUG","msg":"Engine search","query":"song of the century"}
{"time":"2026-05-07T11:15:14.063773503+05:30","level":"INFO","msg":"Engine playing track","title":"Song of the Century","id":"Aipy4w7qxao"}
{"time":"2026-05-07T11:16:15.200885406+05:30","level":"INFO","msg":"Queue empty, fetching radio for","title":"Song of the Century"}
{"time":"2026-05-07T11:16:16.041502869+05:30","level":"INFO","msg":"Adding to queue","title":"Last Night on Earth"}
{"time":"2026-05-07T11:16:16.04156452+05:30","level":"INFO","msg":"Adding to queue","title":"Faint"}
{"time":"2026-05-07T11:16:16.041575067+05:30","level":"INFO","msg":"Adding to queue","title":"Cancer"}
{"time":"2026-05-07T11:16:16.04158087+05:30","level":"INFO","msg":"Adding to queue","title":"I'm Just a Kid"}
{"time":"2026-05-07T11:16:16.041586096+05:30","level":"INFO","msg":"Adding to queue","title":"All The Small Things"}
{"time":"2026-05-07T11:16:16.041593386+05:30","level":"INFO","msg":"Engine playing track","title":"Last Night on Earth","id":"yFLqaVx91jM"}
